// Jest Snapshot v1, https://goo.gl/fbAQLP

exports[`hbs helpers > code matches snapshot 1`] = `"<div><pre class=\\"ba b--black-20 lh-solid\\"><code class=\\"javascript\\"><span class=\\"hljs-selector-tag\\">var</span> foo = <span class=\\"hljs-string\\">'bar'</span></code></pre></div>"`;
