// Jest Snapshot v1, https://goo.gl/fbAQLP

exports[`hbs helpers > concat matches snapshot 1`] = `"<div>foo bar baz</div>"`;
