// Jest Snapshot v1, https://goo.gl/fbAQLP

exports[`hbs helpers > daam matches snapshot 1`] = `"<div>bar</div>"`;
