// Jest Snapshot v1, https://goo.gl/fbAQLP

exports[`hbs helpers > filename matches snapshot 1`] = `"<div>index.js</div>"`;
