// Jest Snapshot v1, https://goo.gl/fbAQLP

exports[`hbs helpers > getLine matches snapshot 1`] = `"<div>10</div>"`;
