// Jest Snapshot v1, https://goo.gl/fbAQLP

exports[`hbs helpers > md matches snapshot 1`] = `"<div><p class=\\"lh-copy\\"> #heading </p><p class=\\"lh-copy\\"><strong>yay markdown</strong> </p></div>"`;
