// Jest Snapshot v1, https://goo.gl/fbAQLP

exports[`Core Plugin: files matches snapshot 1`] = `
Array [
  Object {
    "base": "__TEST__",
    "dir": "",
    "ext": "",
    "id": "L19fVEVTVF9f",
    "isIndex": false,
    "kind": "Other",
    "name": "__TEST__",
    "path": "__TEST__",
  },
]
`;
